MemTotal:        2047080 kB
MemFree:          789968 kB
MemAvailable:    1573476 kB
Buffers:            9304 kB
Cached:           826804 kB
SwapCached:            0 kB
Active:           528084 kB
Inactive:         572732 kB
Active(anon):     267356 kB
Inactive(anon):      616 kB
Active(file):     260728 kB
Inactive(file):   572116 kB
Unevictable:        2932 kB
Mlocked:            2932 kB
SwapTotal:             0 kB
SwapFree:              0 kB
Dirty:                 0 kB
Writeback:             0 kB
AnonPages:        267684 kB
Mapped:           415872 kB
Shmem:               920 kB
Slab:              59064 kB
SReclaimable:      24112 kB
SUnreclaim:        34952 kB
KernelStack:       11040 kB
PageTables:        17948 kB
NFS_Unstable:          0 kB
Bounce:                0 kB
WritebackTmp:          0 kB
CommitLimit:     1023540 kB
Committed_AS:   31182924 kB
VmallocTotal:   34359738367 kB
VmallocUsed:           0 kB
VmallocChunk:          0 kB
CmaTotal:         294912 kB
CmaFree:          241892 kB
HugePages_Total:       0
HugePages_Free:        0
HugePages_Rsvd:        0
HugePages_Surp:        0
Hugepagesize:       2048 kB
DirectMap4k:       67456 kB
DirectMap2M:     2029568 kB